// Jest Snapshot v1, https://goo.gl/fbAQLP

exports[`should render EditExpense correctly 1`] = `
<div>
  <p>
    Edit expense 
    1
  </p>
  <ExpenseForm
    expense={
      Object {
        "amount": 150000,
        "createdAt": 0,
        "description": "rent",
        "id": "1",
        "note": "",
      }
    }
    onSubmit={[Function]}
  />
  <button
    onClick={[Function]}
  >
    Remove
  </button>
</div>
`;
